[base] enviando (59 nodos)...
[base] OK 32.9s (6 imagenes)
[v] enviando (59 nodos)...
[v] OK 30.0s (6 imagenes)
[l] enviando (59 nodos)...
[l] OK 55.6s (6 imagenes)
[u] enviando (62 nodos)...
[u] OK 34.0s (6 imagenes)
[vl] enviando (59 nodos)...
[vl] OK 51.1s (6 imagenes)
[vu] enviando (62 nodos)...
[vu] OK 30.0s (6 imagenes)
[lu] enviando (62 nodos)...
[lu] OK 55.5s (6 imagenes)
[vlu] enviando (62 nodos)...
[vlu] OK 38.0s (6 imagenes)
[b] enviando (60 nodos)...
[b] OK 40.1s (6 imagenes)
[vb] enviando (60 nodos)...
[vb] OK 30.6s (6 imagenes)
[vbu] enviando (63 nodos)...
[vbu] OK 5.5s (6 imagenes)
[vblu] enviando (63 nodos)...
[vblu] OK 45.0s (6 imagenes)

TIEMPOS
  base    32.9s
  v       30.0s
  l       55.6s
  u       34.0s
  vl      51.1s
  vu      30.0s
  lu      55.5s
  vlu     38.0s
  b       40.1s
  vb      30.6s
  vbu      5.5s
  vblu    45.0s
HOJA ab_resolucion_fusionado.png (12 variantes)
FIN
EXIT=0
